Archive member included to satisfy reference by file (symbol)

C:/ST/STM32CubeIDE_1.19.0/STM32CubeIDE/plugins/com.st.stm32cube.ide.mcu.externaltools.gnu-tools-for-stm32.13.3.rel1.win32_1.0.0.202411081344/tools/bin/../lib/gcc/arm-none-eabi/13.3.1/../../../../arm-none-eabi/lib/thumb/v7e-m+fp/hard\libm.a(libm_a-s_sin.o)
                              ./Core/Src/main.o (sin)
C:/ST/STM32CubeIDE_1.19.0/STM32CubeIDE/plugins/com.st.stm32cube.ide.mcu.externaltools.gnu-tools-for-stm32.13.3.rel1.win32_1.0.0.202411081344/tools/bin/../lib/gcc/arm-none-eabi/13.3.1/../../../../arm-none-eabi/lib/thumb/v7e-m+fp/hard\libm.a(libm_a-k_cos.o)
                              C:/ST/STM32CubeIDE_1.19.0/STM32CubeIDE/plugins/com.st.stm32cube.ide.mcu.externaltools.gnu-tools-for-stm32.13.3.rel1.win32_1.0.0.202411081344/tools/bin/../lib/gcc/arm-none-eabi/13.3.1/../../../../arm-none-eabi/lib/thumb/v7e-m+fp/hard\libm.a(libm_a-s_sin.o) (__kernel_cos)
C:/ST/STM32CubeIDE_1.19.0/STM32CubeIDE/plugins/com.st.stm32cube.ide.mcu.externaltools.gnu-tools-for-stm32.13.3.rel1.win32_1.0.0.202411081344/tools/bin/../lib/gcc/arm-none-eabi/13.3.1/../../../../arm-none-eabi/lib/thumb/v7e-m+fp/hard\libm.a(libm_a-k_sin.o)
                              C:/ST/STM32CubeIDE_1.19.0/STM32CubeIDE/plugins/com.st.stm32cube.ide.mcu.externaltools.gnu-tools-for-stm32.13.3.rel1.win32_1.0.0.202411081344/tools/bin/../lib/gcc/arm-none-eabi/13.3.1/../../../../arm-none-eabi/lib/thumb/v7e-m+fp/hard\libm.a(libm_a-s_sin.o) (__kernel_sin)
C:/ST/STM32CubeIDE_1.19.0/STM32CubeIDE/plugins/com.st.stm32cube.ide.mcu.externaltools.gnu-tools-for-stm32.13.3.rel1.win32_1.0.0.202411081344/tools/bin/../lib/gcc/arm-none-eabi/13.3.1/../../../../arm-none-eabi/lib/thumb/v7e-m+fp/hard\libm.a(libm_a-e_rem_pio2.o)
                              C:/ST/STM32CubeIDE_1.19.0/STM32CubeIDE/plugins/com.st.stm32cube.ide.mcu.externaltools.gnu-tools-for-stm32.13.3.rel1.win32_1.0.0.202411081344/tools/bin/../lib/gcc/arm-none-eabi/13.3.1/../../../../arm-none-eabi/lib/thumb/v7e-m+fp/hard\libm.a(libm_a-s_sin.o) (__ieee754_rem_pio2)
C:/ST/STM32CubeIDE_1.19.0/STM32CubeIDE/plugins/com.st.stm32cube.ide.mcu.externaltools.gnu-tools-for-stm32.13.3.rel1.win32_1.0.0.202411081344/tools/bin/../lib/gcc/arm-none-eabi/13.3.1/../../../../arm-none-eabi/lib/thumb/v7e-m+fp/hard\libm.a(libm_a-s_fabs.o)
                              C:/ST/STM32CubeIDE_1.19.0/STM32CubeIDE/plugins/com.st.stm32cube.ide.mcu.externaltools.gnu-tools-for-stm32.13.3.rel1.win32_1.0.0.202411081344/tools/bin/../lib/gcc/arm-none-eabi/13.3.1/../../../../arm-none-eabi/lib/thumb/v7e-m+fp/hard\libm.a(libm_a-e_rem_pio2.o) (fabs)
C:/ST/STM32CubeIDE_1.19.0/STM32CubeIDE/plugins/com.st.stm32cube.ide.mcu.externaltools.gnu-tools-for-stm32.13.3.rel1.win32_1.0.0.202411081344/tools/bin/../lib/gcc/arm-none-eabi/13.3.1/../../../../arm-none-eabi/lib/thumb/v7e-m+fp/hard\libm.a(libm_a-k_rem_pio2.o)
                              C:/ST/STM32CubeIDE_1.19.0/STM32CubeIDE/plugins/com.st.stm32cube.ide.mcu.externaltools.gnu-tools-for-stm32.13.3.rel1.win32_1.0.0.202411081344/tools/bin/../lib/gcc/arm-none-eabi/13.3.1/../../../../arm-none-eabi/lib/thumb/v7e-m+fp/hard\libm.a(libm_a-e_rem_pio2.o) (__kernel_rem_pio2)
C:/ST/STM32CubeIDE_1.19.0/STM32CubeIDE/plugins/com.st.stm32cube.ide.mcu.externaltools.gnu-tools-for-stm32.13.3.rel1.win32_1.0.0.202411081344/tools/bin/../lib/gcc/arm-none-eabi/13.3.1/../../../../arm-none-eabi/lib/thumb/v7e-m+fp/hard\libm.a(libm_a-s_scalbn.o)
                              C:/ST/STM32CubeIDE_1.19.0/STM32CubeIDE/plugins/com.st.stm32cube.ide.mcu.externaltools.gnu-tools-for-stm32.13.3.rel1.win32_1.0.0.202411081344/tools/bin/../lib/gcc/arm-none-eabi/13.3.1/../../../../arm-none-eabi/lib/thumb/v7e-m+fp/hard\libm.a(libm_a-k_rem_pio2.o) (scalbn)
C:/ST/STM32CubeIDE_1.19.0/STM32CubeIDE/plugins/com.st.stm32cube.ide.mcu.externaltools.gnu-tools-for-stm32.13.3.rel1.win32_1.0.0.202411081344/tools/bin/../lib/gcc/arm-none-eabi/13.3.1/../../../../arm-none-eabi/lib/thumb/v7e-m+fp/hard\libm.a(libm_a-s_floor.o)
                              C:/ST/STM32CubeIDE_1.19.0/STM32CubeIDE/plugins/com.st.stm32cube.ide.mcu.externaltools.gnu-tools-for-stm32.13.3.rel1.win32_1.0.0.202411081344/tools/bin/../lib/gcc/arm-none-eabi/13.3.1/../../../../arm-none-eabi/lib/thumb/v7e-m+fp/hard\libm.a(libm_a-k_rem_pio2.o) (floor)
C:/ST/STM32CubeIDE_1.19.0/STM32CubeIDE/plugins/com.st.stm32cube.ide.mcu.externaltools.gnu-tools-for-stm32.13.3.rel1.win32_1.0.0.202411081344/tools/bin/../lib/gcc/arm-none-eabi/13.3.1/../../../../arm-none-eabi/lib/thumb/v7e-m+fp/hard\libc_nano.a(libc_a-exit.o)
                              C:/ST/STM32CubeIDE_1.19.0/STM32CubeIDE/plugins/com.st.stm32cube.ide.mcu.externaltools.gnu-tools-for-stm32.13.3.rel1.win32_1.0.0.202411081344/tools/bin/../lib/gcc/arm-none-eabi/13.3.1/../../../../arm-none-eabi/lib/thumb/v7e-m+fp/hard/crt0.o (exit)
[...]
Memory Configuration

Name             Origin             Length             Attributes
RAM              0x20000000         0x00020000         xrw
FLASH            0x08000000         0x00080000         xr
*default*        0x00000000         0xffffffff

Linker script and memory map

LOAD C:/ST/STM32CubeIDE_1.19.0/STM32CubeIDE/plugins/com.st.stm32cube.ide.mcu.externaltools.gnu-tools-for-stm32.13.3.rel1.win32_1.0.0.202411081344/tools/bin/../lib/gcc/arm-none-eabi/13.3.1/thumb/v7e-m+fp/hard/crti.o
LOAD C:/ST/STM32CubeIDE_1.19.0/STM32CubeIDE/plugins/com.st.stm32cube.ide.mcu.externaltools.gnu-tools-for-stm32.13.3.rel1.win32_1.0.0.202411081344/tools/bin/../lib/gcc/arm-none-eabi/13.3.1/thumb/v7e-m+fp/hard/crtbegin.o
LOAD C:/ST/STM32CubeIDE_1.19.0/STM32CubeIDE/plugins/com.st.stm32cube.ide.mcu.externaltools.gnu-tools-for-stm32.13.3.rel1.win32_1.0.0.202411081344/tools/bin/../lib/gcc/arm-none-eabi/13.3.1/../../../../arm-none-eabi/lib/thumb/v7e-m+fp/hard/crt0.o
LOAD ./Core/Src/DiscreteMotor.o
LOAD ./Core/Src/gpio.o
LOAD ./Core/Src/main.o
LOAD ./Core/Src/stm32g4xx_hal_msp.o
LOAD ./Core/Src/stm32g4xx_it.o
LOAD ./Core/Src/syscalls.o
LOAD ./Core/Src/sysmem.o
LOAD ./Core/Src/system_stm32g4xx.o
LOAD ./Core/Src/tim.o
LOAD ./Core/Startup/startup_stm32g474retx.o
LOAD ./Drivers/STM32G4xx_HAL_Driver/Src/stm32g4xx_hal.o
LOAD ./Drivers/STM32G4xx_HAL_Driver/Src/stm32g4xx_hal_cortex.o
LOAD ./Drivers/STM32G4xx_HAL_Driver/Src/stm32g4xx_hal_dma.o
LOAD ./Drivers/STM32G4xx_HAL_Driver/Src/stm32g4xx_hal_dma_ex.o
LOAD ./Drivers/STM32G4xx_HAL_Driver/Src/stm32g4xx_hal_exti.o
LOAD ./Drivers/STM32G4xx_HAL_Driver/Src/stm32g4xx_hal_flash.o
LOAD ./Drivers/STM32G4xx_HAL_Driver/Src/stm32g4xx_hal_flash_ex.o
LOAD ./Drivers/STM32G4xx_HAL_Driver/Src/stm32g4xx_hal_flash_ramfunc.o
LOAD ./Drivers/STM32G4xx_HAL_Driver/Src/stm32g4xx_hal_gpio.o
LOAD ./Drivers/STM32G4xx_HAL_Driver/Src/stm32g4xx_hal_pwr.o
LOAD ./Drivers/STM32G4xx_HAL_Driver/Src/stm32g4xx_hal_pwr_ex.o
LOAD ./Drivers/STM32G4xx_HAL_Driver/Src/stm32g4xx_hal_rcc.o
LOAD ./Drivers/STM32G4xx_HAL_Driver/Src/stm32g4xx_hal_rcc_ex.o
LOAD ./Drivers/STM32G4xx_HAL_Driver/Src/stm32g4xx_hal_tim.o
LOAD ./Drivers/STM32G4xx_HAL_Driver/Src/stm32g4xx_hal_tim_ex.o
START GROUP
LOAD C:/ST/STM32CubeIDE_1.19.0/STM32CubeIDE/plugins/com.st.stm32cube.ide.mcu.externaltools.gnu-tools-for-stm32.13.3.rel1.win32_1.0.0.202411081344/tools/bin/../lib/gcc/arm-none-eabi/13.3.1/../../../../arm-none-eabi/lib/thumb/v7e-m+fp/hard\libstdc++_nano.a
LOAD C:/ST/STM32CubeIDE_1.19.0/STM32CubeIDE/plugins/com.st.stm32cube.ide.mcu.externaltools.gnu-tools-for-stm32.13.3.rel1.win32_1.0.0.202411081344/tools/bin/../lib/gcc/arm-none-eabi/13.3.1/../../../../arm-none-eabi/lib/thumb/v7e-m+fp/hard\libsupc++_nano.a
END GROUP
LOAD C:/ST/STM32CubeIDE_1.19.0/STM32CubeIDE/plugins/com.st.stm32cube.ide.mcu.externaltools.gnu-tools-for-stm32.13.3.rel1.win32_1.0.0.202411081344/tools/bin/../lib/gcc/arm-none-eabi/13.3.1/../../../../arm-none-eabi/lib/thumb/v7e-m+fp/hard\libstdc++_nano.a
LOAD C:/ST/STM32CubeIDE_1.19.0/STM32CubeIDE/plugins/com.st.stm32cube.ide.mcu.externaltools.gnu-tools-for-stm32.13.3.rel1.win32_1.0.0.202411081344/tools/bin/../lib/gcc/arm-none-eabi/13.3.1/../../../../arm-none-eabi/lib/thumb/v7e-m+fp/hard\libm.a
LOAD C:/ST/STM32CubeIDE_1.19.0/STM32CubeIDE/plugins/com.st.stm32cube.ide.mcu.externaltools.gnu-tools-for-stm32.13.3.rel1.win32_1.0.0.202411081344/tools/bin/../lib/gcc/arm-none-eabi/13.3.1/../../../../arm-none-eabi/lib/thumb/v7e-m+fp/hard\libc_nano.a
START GROUP
LOAD C:/ST/STM32CubeIDE_1.19.0/STM32CubeIDE/plugins/com.st.stm32cube.ide.mcu.externaltools.gnu-tools-for-stm32.13.3.rel1.win32_1.0.0.202411081344/tools/bin/../lib/gcc/arm-none-eabi/13.3.1/thumb/v7e-m+fp/hard\libgcc.a
LOAD C:/ST/STM32CubeIDE_1.19.0/STM32CubeIDE/plugins/com.st.stm32cube.ide.mcu.externaltools.gnu-tools-for-stm32.13.3.rel1.win32_1.0.0.202411081344/tools/bin/../lib/gcc/arm-none-eabi/13.3.1/../../../../arm-none-eabi/lib/thumb/v7e-m+fp/hard\libc_nano.a
END GROUP
START GROUP
LOAD C:/ST/STM32CubeIDE_1.19.0/STM32CubeIDE/plugins/com.st.stm32cube.ide.mcu.externaltools.gnu-tools-for-stm32.13.3.rel1.win32_1.0.0.202411081344/tools/bin/../lib/gcc/arm-none-eabi/13.3.1/thumb/v7e-m+fp/hard\libgcc.a
LOAD C:/ST/STM32CubeIDE_1.19.0/STM32CubeIDE/plugins/com.st.stm32cube.ide.mcu.externaltools.gnu-tools-for-stm32.13.3.rel1.win32_1.0.0.202411081344/tools/bin/../lib/gcc/arm-none-eabi/13.3.1/../../../../arm-none-eabi/lib/thumb/v7e-m+fp/hard\libc_nano.a
END GROUP
LOAD C:/ST/STM32CubeIDE_1.19.0/STM32CubeIDE/plugins/com.st.stm32cube.ide.mcu.externaltools.gnu-tools-for-stm32.13.3.rel1.win32_1.0.0.202411081344/tools/bin/../lib/gcc/arm-none-eabi/13.3.1/thumb/v7e-m+fp/hard/crtend.o
LOAD C:/ST/STM32CubeIDE_1.19.0/STM32CubeIDE/plugins/com.st.stm32cube.ide.mcu.externaltools.gnu-tools-for-stm32.13.3.rel1.win32_1.0.0.202411081344/tools/bin/../lib/gcc/arm-none-eabi/13.3.1/thumb/v7e-m+fp/hard/crtn.o
                0x20020000                        _estack = (ORIGIN (RAM) + LENGTH (RAM))
                0x00000200                        _Min_Heap_Size = 0x200
                0x00000400                        _Min_Stack_Size = 0x400

.isr_vector     0x08000000      0x1d8
                0x08000000                        . = ALIGN (0x4)
 *(.isr_vector)
 .isr_vector    0x08000000      0x1d8 ./Core/Startup/startup_stm32g474retx.o
                0x08000000                g_pfnVectors
                0x080001d8                        . = ALIGN (0x4)

.text           0x080001d8     0x2be0
                0x080001d8                        . = ALIGN (0x4)
 *(.text)
 .text          0x080001d8       0x40 C:/ST/STM32CubeIDE_1.19.0/STM32CubeIDE/plugins/com.st.stm32cube.ide.mcu.externaltools.gnu-tools-for-stm32.13.3.rel1.win32_1.0.0.202411081344/tools/bin/../lib/gcc/arm-none-eabi/13.3.1/thumb/v7e-m+fp/hard/crtbegin.o
 .text          0x08000218      0x378 C:/ST/STM32CubeIDE_1.19.0/STM32CubeIDE/plugins/com.st.stm32cube.ide.mcu.externaltools.gnu-tools-for-stm32.13.3.rel1.win32_1.0.0.202411081344/tools/bin/../lib/gcc/arm-none-eabi/13.3.1/thumb/v7e-m+fp/hard\libgcc.a(_arm_addsubdf3.o)
                0x08000218                __aeabi_drsub
                0x08000220                __aeabi_dsub
                0x08000220                __subdf3
                0x08000224                __aeabi_dadd
                0x08000224                __adddf3
                0x0800049c                __floatunsidf
                0x0800049c                __aeabi_ui2d
                0x080004bc                __floatsidf
                0x080004bc                __aeabi_i2d
                0x080004e0                __aeabi_f2d
                0x080004e0                __extendsfdf2
                0x08000524                __floatundidf
                0x08000524                __aeabi_ul2d
                0x08000534                __floatdidf
                0x08000534                __aeabi_l2d
 .text          0x08000590      0x110 C:/ST/STM32CubeIDE_1.19.0/STM32CubeIDE/plugins/com.st.stm32cube.ide.mcu.externaltools.gnu-tools-for-stm32.13.3.rel1.win32_1.0.0.202411081344/tools/bin/../lib/gcc/arm-none-eabi/13.3.1/thumb/v7e-m+fp/hard\libgcc.a(_arm_cmpdf2.o)
                0x08000590                __gtdf2
                0x08000590                __gedf2
                0x08000598                __ltdf2
                0x08000598                __ledf2
                0x080005a0                __nedf2
                0x080005a0                __eqdf2
                0x080005a0                __cmpdf2
                0x0800061c                __aeabi_cdrcmple
                0x0800062c                __aeabi_cdcmpeq
                0x0800062c                __aeabi_cdcmple
                0x0800063c                __aeabi_dcmpeq
                0x08000650                __aeabi_dcmplt
                0x08000664                __aeabi_dcmple
                0x08000678                __aeabi_dcmpge
                0x0800068c                __aeabi_dcmpgt
 .text          0x080006a0       0xa0 C:/ST/STM32CubeIDE_1.19.0/STM32CubeIDE/plugins/com.st.stm32cube.ide.mcu.externaltools.gnu-tools-for-stm32.13.3.rel1.win32_1.0.0.202411081344/tools/bin/../lib/gcc/arm-none-eabi/13.3.1/thumb/v7e-m+fp/hard\libgcc.a(_arm_truncdfsf2.o)
                0x080006a0                __truncdfsf2
                0x080006a0                __aeabi_d2f
 *(.text*)
 .text._ZN13DiscreteMotorC2Efffffff
                0x08000740      0x25a ./Core/Src/DiscreteMotor.o
                0x08000740                DiscreteMotor::DiscreteMotor(float, float, float, float, float, float, float)
                0x08000740                DiscreteMotor::DiscreteMotor(float, float, float, float, float, float, float)
 .text._ZN13DiscreteMotor11resetStatesEv
                0x0800099a       0x34 ./Core/Src/DiscreteMotor.o
                0x0800099a                DiscreteMotor::resetStates()
 .text._ZN13DiscreteMotor12updateTustinEf
                0x080009ce       0x8e ./Core/Src/DiscreteMotor.o
                0x080009ce                DiscreteMotor::updateTustin(float)
 .text.MX_GPIO_Init
                0x08000a5c      0x100 ./Core/Src/gpio.o
                0x08000a5c                MX_GPIO_Init
 .text.main     0x08000b5c       0x24 ./Core/Src/main.o
                0x08000b5c                main
 .text._Z18SystemClock_Configv
                0x08000b80       0xaa ./Core/Src/main.o
                0x08000b80                SystemClock_Config()
 *fill*         0x08000c2a        0x2 
 .text.HAL_TIM_PeriodElapsedCallback
                0x08000c2c       0xa0 ./Core/Src/main.o
                0x08000c2c                HAL_TIM_PeriodElapsedCallback
 .text._Z8rampFuncfff
                0x08000ccc       0x80 ./Core/Src/main.o
                0x08000ccc                rampFunc(float, float, float)
 .text.Error_Handler
                0x08000d4c        0xc ./Core/Src/main.o
                0x08000d4c                Error_Handler
 .text._Z41__static_initialization_and_destruction_0v
                0x08000d58       0x4c ./Core/Src/main.o
 .text._GLOBAL__sub_I_testing
                0x08000da4        0xa ./Core/Src/main.o
 *fill*         0x08000dae        0x2 
 .text.HAL_MspInit
                0x08000db0       0x48 ./Core/Src/stm32g4xx_hal_msp.o
                0x08000db0                HAL_MspInit
 .text.NMI_Handler
                0x08000df8        0x8 ./Core/Src/stm32g4xx_it.o
                0x08000df8                NMI_Handler
 .text.HardFault_Handler
                0x08000e00        0x8 ./Core/Src/stm32g4xx_it.o
                0x08000e00                HardFault_Handler
 .text.MemManage_Handler
                0x08000e08        0x8 ./Core/Src/stm32g4xx_it.o
                0x08000e08                MemManage_Handler
 .text.BusFault_Handler
                0x08000e10        0x8 ./Core/Src/stm32g4xx_it.o
                0x08000e10                BusFault_Handler
 .text.UsageFault_Handler
                0x08000e18        0x8 ./Core/Src/stm32g4xx_it.o
                0x08000e18                UsageFault_Handler
 .text.SVC_Handler
                0x08000e20        0xe ./Core/Src/stm32g4xx_it.o
                0x08000e20                SVC_Handler
 .text.DebugMon_Handler
                0x08000e2e        0xe ./Core/Src/stm32g4xx_it.o
                0x08000e2e                DebugMon_Handler
 .text.PendSV_Handler
                0x08000e3c        0xe ./Core/Src/stm32g4xx_it.o
                0x08000e3c                PendSV_Handler
 .text.SysTick_Handler
                0x08000e4a        0xc ./Core/Src/stm32g4xx_it.o
                0x08000e4a                SysTick_Handler
 *fill*         0x08000e56        0x2 
 .text.TIM2_IRQHandler
                0x08000e58       0x14 ./Core/Src/stm32g4xx_it.o
                0x08000e58                TIM2_IRQHandler
 .text.EXTI15_10_IRQHandler
                0x08000e6c       0x10 ./Core/Src/stm32g4xx_it.o
                0x08000e6c                EXTI15_10_IRQHandler
 .text.SystemInit
                0x08000e7c       0x24 ./Core/Src/system_stm32g4xx.o
                0x08000e7c                SystemInit
 .text.MX_TIM2_Init
                0x08000ea0       0x98 ./Core/Src/tim.o
                0x08000ea0                MX_TIM2_Init
 .text.HAL_TIM_Base_MspInit
                0x08000f38       0x48 ./Core/Src/tim.o
                0x08000f38                HAL_TIM_Base_MspInit
 .text.Reset_Handler
                0x08000f80       0x50 ./Core/Startup/startup_stm32g474retx.o
                0x08000f80                Reset_Handler
 .text.Default_Handler
                0x08000fd0        0x2 ./Core/Startup/startup_stm32g474retx.o
                0x08000fd0                RTC_Alarm_IRQHandler
                0x08000fd0                EXTI2_IRQHandler
                0x08000fd0                TIM8_TRG_COM_IRQHandler
                0x08000fd0                TIM8_CC_IRQHandler
                0x08000fd0                HRTIM1_Master_IRQHandler
                0x08000fd0                SPI4_IRQHandler
                0x08000fd0                FDCAN3_IT0_IRQHandler
                0x08000fd0                TIM1_CC_IRQHandler
                0x08000fd0                HRTIM1_FLT_IRQHandler
                0x08000fd0                HRTIM1_TIMF_IRQHandler
                0x08000fd0                USB_HP_IRQHandler
                0x08000fd0                CORDIC_IRQHandler
                0x08000fd0                HRTIM1_TIMD_IRQHandler
                0x08000fd0                DMA2_Channel8_IRQHandler
                0x08000fd0                EXTI3_IRQHandler
                0x08000fd0                I2C3_ER_IRQHandler
                0x08000fd0                EXTI0_IRQHandler
                0x08000fd0                I2C2_EV_IRQHandler
                0x08000fd0                FPU_IRQHandler
                0x08000fd0                FDCAN1_IT1_IRQHandler
                0x08000fd0                TIM1_UP_TIM16_IRQHandler
                0x08000fd0                ADC1_2_IRQHandler
                0x08000fd0                HRTIM1_TIME_IRQHandler
                0x08000fd0                SPI1_IRQHandler
                0x08000fd0                TIM6_DAC_IRQHandler
                0x08000fd0                HRTIM1_TIMC_IRQHandler
                0x08000fd0                TIM8_UP_IRQHandler
                0x08000fd0                DMA2_Channel2_IRQHandler
                0x08000fd0                DMA1_Channel4_IRQHandler
                0x08000fd0                TIM20_TRG_COM_IRQHandler
                0x08000fd0                USART3_IRQHandler
                0x08000fd0                DMA1_Channel7_IRQHandler
                0x08000fd0                UART5_IRQHandler
                0x08000fd0                ADC3_IRQHandler
                0x08000fd0                TIM4_IRQHandler
                0x08000fd0                DMA2_Channel1_IRQHandler
                0x08000fd0                QUADSPI_IRQHandler
                0x08000fd0                I2C1_EV_IRQHandler
                0x08000fd0                DMA1_Channel6_IRQHandler
                0x08000fd0                UART4_IRQHandler
                0x08000fd0                DMA2_Channel4_IRQHandler
                0x08000fd0                TIM3_IRQHandler
                0x08000fd0                RCC_IRQHandler
                0x08000fd0                TIM20_UP_IRQHandler
                0x08000fd0                DMA1_Channel1_IRQHandler
                0x08000fd0                Default_Handler
                0x08000fd0                DMA2_Channel7_IRQHandler
                0x08000fd0                RTC_TAMP_LSECSS_IRQHandler
                0x08000fd0                FMAC_IRQHandler
                0x08000fd0                DMA1_Channel8_IRQHandler
                0x08000fd0                HRTIM1_TIMA_IRQHandler
                0x08000fd0                TIM7_DAC_IRQHandler
                0x08000fd0                FDCAN3_IT1_IRQHandler
                0x08000fd0                TIM5_IRQHandler
                0x08000fd0                UCPD1_IRQHandler
                0x08000fd0                I2C3_EV_IRQHandler
                0x08000fd0                EXTI9_5_IRQHandler
                0x08000fd0                RTC_WKUP_IRQHandler
                0x08000fd0                PVD_PVM_IRQHandler
                0x08000fd0                SPI2_IRQHandler
                0x08000fd0                ADC5_IRQHandler
                0x08000fd0                DMA2_Channel5_IRQHandler
                0x08000fd0                CRS_IRQHandler
                0x08000fd0                DMA1_Channel5_IRQHandler
                0x08000fd0                USB_LP_IRQHandler
                0x08000fd0                EXTI4_IRQHandler
                0x08000fd0                RNG_IRQHandler
                0x08000fd0                HRTIM1_TIMB_IRQHandler
                0x08000fd0                TIM1_TRG_COM_TIM17_IRQHandler
                0x08000fd0                FDCAN2_IT1_IRQHandler
                0x08000fd0                DMA1_Channel3_IRQHandler
                0x08000fd0                ADC4_IRQHandler
                0x08000fd0                WWDG_IRQHandler
                0x08000fd0                I2C4_EV_IRQHandler
                0x08000fd0                FDCAN2_IT0_IRQHandler
                0x08000fd0                LPUART1_IRQHandler
                0x08000fd0                DMA2_Channel6_IRQHandler
                0x08000fd0                FDCAN1_IT0_IRQHandler
                0x08000fd0                COMP7_IRQHandler
                0x08000fd0                COMP1_2_3_IRQHandler
                0x08000fd0                EXTI1_IRQHandler
                0x08000fd0                USART2_IRQHandler
                0x08000fd0                COMP4_5_6_IRQHandler
                0x08000fd0                TIM20_BRK_IRQHandler
                0x08000fd0                I2C2_ER_IRQHandler
                0x08000fd0                DMA1_Channel2_IRQHandler
                0x08000fd0                TIM8_BRK_IRQHandler
                0x08000fd0                FLASH_IRQHandler
                0x08000fd0                TIM20_CC_IRQHandler
                0x08000fd0                USART1_IRQHandler
                0x08000fd0                SPI3_IRQHandler
                0x08000fd0                I2C1_ER_IRQHandler
                0x08000fd0                FMC_IRQHandler
                0x08000fd0                LPTIM1_IRQHandler
                0x08000fd0                DMAMUX_OVR_IRQHandler
                0x08000fd0                I2C4_ER_IRQHandler
                0x08000fd0                USBWakeUp_IRQHandler
                0x08000fd0                SAI1_IRQHandler
                0x08000fd0                DMA2_Channel3_IRQHandler
                0x08000fd0                TIM1_BRK_TIM15_IRQHandler
 .text.HAL_Init
                0x08000fd2       0x30 ./Drivers/STM32G4xx_HAL_Driver/Src/stm32g4xx_hal.o
                0x08000fd2                HAL_Init
 *fill*         0x08001002        0x2 
 .text.HAL_InitTick
                0x08001004       0x74 ./Drivers/STM32G4xx_HAL_Driver/Src/stm32g4xx_hal.o
                0x08001004                HAL_InitTick
 .text.HAL_IncTick
                0x08001078       0x24 ./Drivers/STM32G4xx_HAL_Driver/Src/stm32g4xx_hal.o
                0x08001078                HAL_IncTick
 .text.HAL_GetTick
                0x0800109c       0x18 ./Drivers/STM32G4xx_HAL_Driver/Src/stm32g4xx_hal.o
                0x0800109c                HAL_GetTick
 .text.__NVIC_SetPriorityGrouping
                0x080010b4       0x48 ./Drivers/STM32G4xx_HAL_Driver/Src/stm32g4xx_hal_cortex.o
 .text.__NVIC_GetPriorityGrouping
                0x080010fc       0x1c ./Drivers/STM32G4xx_HAL_Driver/Src/stm32g4xx_hal_cortex.o
 .text.__NVIC_EnableIRQ
                0x08001118       0x3c ./Drivers/STM32G4xx_HAL_Driver/Src/stm32g4xx_hal_cortex.o
 .text.__NVIC_SetPriority
                0x08001154       0x54 ./Drivers/STM32G4xx_HAL_Driver/Src/stm32g4xx_hal_cortex.o
 .text.NVIC_EncodePriority
                0x080011a8       0x66 ./Drivers/STM32G4xx_HAL_Driver/Src/stm32g4xx_hal_cortex.o
 *fill*         0x0800120e        0x2 
 .text.SysTick_Config
                0x08001210       0x44 ./Drivers/STM32G4xx_HAL_Driver/Src/stm32g4xx_hal_cortex.o
 .text.HAL_NVIC_SetPriorityGrouping
                0x08001254       0x16 ./Drivers/STM32G4xx_HAL_Driver/Src/stm32g4xx_hal_cortex.o
                0x08001254                HAL_NVIC_SetPriorityGrouping
 .text.HAL_NVIC_SetPriority
                0x0800126a       0x34 ./Drivers/STM32G4xx_HAL_Driver/Src/stm32g4xx_hal_cortex.o
                0x0800126a                HAL_NVIC_SetPriority
 .text.HAL_NVIC_EnableIRQ
                0x0800129e       0x1c ./Drivers/STM32G4xx_HAL_Driver/Src/stm32g4xx_hal_cortex.o
                0x0800129e                HAL_NVIC_EnableIRQ
 .text.HAL_SYSTICK_Config
                0x080012ba       0x18 ./Drivers/STM32G4xx_HAL_Driver/Src/stm32g4xx_hal_cortex.o
                0x080012ba                HAL_SYSTICK_Config
 *fill*         0x080012d2        0x2 
 .text.HAL_GPIO_Init
                0x080012d4      0x318 ./Drivers/STM32G4xx_HAL_Driver/Src/stm32g4xx_hal_gpio.o
                0x080012d4                HAL_GPIO_Init
 .text.HAL_GPIO_WritePin
                0x080015ec       0x30 ./Drivers/STM32G4xx_HAL_Driver/Src/stm32g4xx_hal_gpio.o
                0x080015ec                HAL_GPIO_WritePin
 .text.HAL_GPIO_EXTI_IRQHandler
                0x0800161c       0x30 ./Drivers/STM32G4xx_HAL_Driver/Src/stm32g4xx_hal_gpio.o
                0x0800161c                HAL_GPIO_EXTI_IRQHandler
 .text.HAL_GPIO_EXTI_Callback
                0x0800164c       0x16 ./Drivers/STM32G4xx_HAL_Driver/Src/stm32g4xx_hal_gpio.o
                0x0800164c                HAL_GPIO_EXTI_Callback
 *fill*         0x08001662        0x2 
 .text.HAL_PWREx_ControlVoltageScaling
                0x08001664      0x148 ./Drivers/STM32G4xx_HAL_Driver/Src/stm32g4xx_hal_pwr_ex.o
                0x08001664                HAL_PWREx_ControlVoltageScaling
 .text.HAL_PWREx_DisableUCPDDeadBattery
                0x080017ac       0x20 ./Drivers/STM32G4xx_HAL_Driver/Src/stm32g4xx_hal_pwr_ex.o
                0x080017ac                HAL_PWREx_DisableUCPDDeadBattery
 .text.HAL_RCC_OscConfig
                0x080017cc      0x624 ./Drivers/STM32G4xx_HAL_Driver/Src/stm32g4xx_hal_rcc.o
                0x080017cc                HAL_RCC_OscConfig
 .text.HAL_RCC_ClockConfig
                0x08001df0      0x278 ./Drivers/STM32G4xx_HAL_Driver/Src/stm32g4xx_hal_rcc.o
                0x08001df0                HAL_RCC_ClockConfig
 .text.HAL_RCC_GetSysClockFreq
                0x08002068       0xc4 ./Drivers/STM32G4xx_HAL_Driver/Src/stm32g4xx_hal_rcc.o
                0x08002068                HAL_RCC_GetSysClockFreq
 .text.RCC_GetSysClockFreqFromPLLSource
                0x0800212c       0x8c ./Drivers/STM32G4xx_HAL_Driver/Src/stm32g4xx_hal_rcc.o
 .text.HAL_TIM_Base_Init
                0x080021b8       0xae ./Drivers/STM32G4xx_HAL_Driver/Src/stm32g4xx_hal_tim.o
                0x080021b8                HAL_TIM_Base_Init
 *fill*         0x08002266        0x2 
 .text.HAL_TIM_Base_Start_IT
                0x08002268       0xf0 ./Drivers/STM32G4xx_HAL_Driver/Src/stm32g4xx_hal_tim.o
                0x08002268                HAL_TIM_Base_Start_IT
 .text.HAL_TIM_IRQHandler
                0x08002358      0x29e ./Drivers/STM32G4xx_HAL_Driver/Src/stm32g4xx_hal_tim.o
                0x08002358                HAL_TIM_IRQHandler
 *fill*         0x080025f6        0x2 
 .text.HAL_TIM_ConfigClockSource
                0x080025f8      0x22c ./Drivers/STM32G4xx_HAL_Driver/Src/stm32g4xx_hal_tim.o
                0x080025f8                HAL_TIM_ConfigClockSource
 .text.HAL_TIM_OC_DelayElapsedCallback
                0x08002824       0x14 ./Drivers/STM32G4xx_HAL_Driver/Src/stm32g4xx_hal_tim.o
                0x08002824                HAL_TIM_OC_DelayElapsedCallback
 .text.HAL_TIM_IC_CaptureCallback
                0x08002838       0x14 ./Drivers/STM32G4xx_HAL_Driver/Src/stm32g4xx_hal_tim.o
                0x08002838                HAL_TIM_IC_CaptureCallback
 .text.HAL_TIM_PWM_PulseFinishedCallback
                0x0800284c       0x14 ./Drivers/STM32G4xx_HAL_Driver/Src/stm32g4xx_hal_tim.o
                0x0800284c                HAL_TIM_PWM_PulseFinishedCallback
 .text.HAL_TIM_TriggerCallback
                0x08002860       0x14 ./Drivers/STM32G4xx_HAL_Driver/Src/stm32g4xx_hal_tim.o
                0x08002860                HAL_TIM_TriggerCallback
 .text.TIM_Base_SetConfig
                0x08002874      0x15c ./Drivers/STM32G4xx_HAL_Driver/Src/stm32g4xx_hal_tim.o
                0x08002874                TIM_Base_SetConfig
 .text.TIM_TI1_ConfigInputStage
                0x080029d0       0xb4 ./Drivers/STM32G4xx_HAL_Driver/Src/stm32g4xx_hal_tim.o
 .text.TIM_TI2_ConfigInputStage
                0x08002a84       0x90 ./Drivers/STM32G4xx_HAL_Driver/Src/stm32g4xx_hal_tim.o
 .text.TIM_ITRx_SetConfig
                0x08002b14       0x3a ./Drivers/STM32G4xx_HAL_Driver/Src/stm32g4xx_hal_tim.o
 .text.TIM_ETR_SetConfig
                0x08002b4e       0x40 ./Drivers/STM32G4xx_HAL_Driver/Src/stm32g4xx_hal_tim.o
                0x08002b4e                TIM_ETR_SetConfig
 *fill*         0x08002b8e        0x2 
 .text.HAL_TIMEx_MasterConfigSynchronization
                0x08002b90      0x12c ./Drivers/STM32G4xx_HAL_Driver/Src/stm32g4xx_hal_tim_ex.o
                0x08002b90                HAL_TIMEx_MasterConfigSynchronization
 .text.HAL_TIMEx_CommutCallback
                0x08002cbc       0x14 ./Drivers/STM32G4xx_HAL_Driver/Src/stm32g4xx_hal_tim_ex.o
                0x08002cbc                HAL_TIMEx_CommutCallback
 .text.HAL_TIMEx_BreakCallback
                0x08002cd0       0x14 ./Drivers/STM32G4xx_HAL_Driver/Src/stm32g4xx_hal_tim_ex.o
                0x08002cd0                HAL_TIMEx_BreakCallback
 .text.HAL_TIMEx_Break2Callback
                0x08002ce4       0x14 ./Drivers/STM32G4xx_HAL_Driver/Src/stm32g4xx_hal_tim_ex.o
                0x08002ce4                HAL_TIMEx_Break2Callback
 .text.HAL_TIMEx_EncoderIndexCallback
                0x08002cf8       0x14 ./Drivers/STM32G4xx_HAL_Driver/Src/stm32g4xx_hal_tim_ex.o
                0x08002cf8                HAL_TIMEx_EncoderIndexCallback
 .text.HAL_TIMEx_DirectionChangeCallback
                0x08002d0c       0x14 ./Drivers/STM32G4xx_HAL_Driver/Src/stm32g4xx_hal_tim_ex.o
                0x08002d0c                HAL_TIMEx_DirectionChangeCallback
 .text.HAL_TIMEx_IndexErrorCallback
                0x08002d20       0x14 ./Drivers/STM32G4xx_HAL_Driver/Src/stm32g4xx_hal_tim_ex.o
                0x08002d20                HAL_TIMEx_IndexErrorCallback
 .text.HAL_TIMEx_TransitionErrorCallback
                0x08002d34       0x14 ./Drivers/STM32G4xx_HAL_Driver/Src/stm32g4xx_hal_tim_ex.o
                0x08002d34                HAL_TIMEx_TransitionErrorCallback
 .text.memset   0x08002d48       0x10 C:/ST/STM32CubeIDE_1.19.0/STM32CubeIDE/plugins/com.st.stm32cube.ide.mcu.externaltools.gnu-tools-for-stm32.13.3.rel1.win32_1.0.0.202411081344/tools/bin/../lib/gcc/arm-none-eabi/13.3.1/../../../../arm-none-eabi/lib/thumb/v7e-m+fp/hard\libc_nano.a(libc_a-memset.o)
                0x08002d48                memset
 .text.__libc_init_array
                0x08002d58       0x48 C:/ST/STM32CubeIDE_1.19.0/STM32CubeIDE/plugins/com.st.stm32cube.ide.mcu.externaltools.gnu-tools-for-stm32.13.3.rel1.win32_1.0.0.202411081344/tools/bin/../lib/gcc/arm-none-eabi/13.3.1/../../../../arm-none-eabi/lib/thumb/v7e-m+fp/hard\libc_nano.a(libc_a-init.o)
                0x08002d58                __libc_init_array
 *(.glue_7)
 .glue_7        0x08002da0        0x0 linker stubs
 *(.glue_7t)
 .glue_7t       0x08002da0        0x0 linker stubs
 *(.eh_frame)
 .eh_frame      0x08002da0        0x0 C:/ST/STM32CubeIDE_1.19.0/STM32CubeIDE/plugins/com.st.stm32cube.ide.mcu.externaltools.gnu-tools-for-stm32.13.3.rel1.win32_1.0.0.202411081344/tools/bin/../lib/gcc/arm-none-eabi/13.3.1/thumb/v7e-m+fp/hard/crtbegin.o
 *(.init)
 .init          0x08002da0        0x4 C:/ST/STM32CubeIDE_1.19.0/STM32CubeIDE/plugins/com.st.stm32cube.ide.mcu.externaltools.gnu-tools-for-stm32.13.3.rel1.win32_1.0.0.202411081344/tools/bin/../lib/gcc/arm-none-eabi/13.3.1/thumb/v7e-m+fp/hard/crti.o
                0x08002da0                _init
 .init          0x08002da4        0x8 C:/ST/STM32CubeIDE_1.19.0/STM32CubeIDE/plugins/com.st.stm32cube.ide.mcu.externaltools.gnu-tools-for-stm32.13.3.rel1.win32_1.0.0.202411081344/tools/bin/../lib/gcc/arm-none-eabi/13.3.1/thumb/v7e-m+fp/hard/crtn.o
 *(.fini)
 .fini          0x08002dac        0x4 C:/ST/STM32CubeIDE_1.19.0/STM32CubeIDE/plugins/com.st.stm32cube.ide.mcu.externaltools.gnu-tools-for-stm32.13.3.rel1.win32_1.0.0.202411081344/tools/bin/../lib/gcc/arm-none-eabi/13.3.1/thumb/v7e-m+fp/hard/crti.o
                0x08002dac                _fini
 .fini          0x08002db0        0x8 C:/ST/STM32CubeIDE_1.19.0/STM32CubeIDE/plugins/com.st.stm32cube.ide.mcu.externaltools.gnu-tools-for-stm32.13.3.rel1.win32_1.0.0.202411081344/tools/bin/../lib/gcc/arm-none-eabi/13.3.1/thumb/v7e-m+fp/hard/crtn.o
                0x08002db8                        . = ALIGN (0x4)
                0x08002db8                        _etext = .

.vfp11_veneer   0x08002db8        0x0
 .vfp11_veneer  0x08002db8        0x0 linker stubs

.v4_bx          0x08002db8        0x0
 .v4_bx         0x08002db8        0x0 linker stubs

.iplt           0x08002db8        0x0
 .iplt          0x08002db8        0x0 C:/ST/STM32CubeIDE_1.19.0/STM32CubeIDE/plugins/com.st.stm32cube.ide.mcu.externaltools.gnu-tools-for-stm32.13.3.rel1.win32_1.0.0.202411081344/tools/bin/../lib/gcc/arm-none-eabi/13.3.1/thumb/v7e-m+fp/hard/crtbegin.o

.rodata         0x08002db8       0x10
                0x08002db8                        . = ALIGN (0x4)
 *(.rodata)
 *(.rodata*)
 .rodata.AHBPrescTable
                0x08002db8       0x10 ./Core/Src/system_stm32g4xx.o
                0x08002db8                AHBPrescTable
                0x08002dc8                        . = ALIGN (0x4)

.ARM.extab      0x08002dc8        0x0
                0x08002dc8                        . = ALIGN (0x4)
 *(.ARM.extab* .gnu.linkonce.armextab.*)
                0x08002dc8                        . = ALIGN (0x4)

.ARM            0x08002dc8        0x0
                0x08002dc8                        . = ALIGN (0x4)
                0x08002dc8                        __exidx_start = .
 *(.ARM.exidx*)
                0x08002dc8                        __exidx_end = .
                0x08002dc8                        . = ALIGN (0x4)

.preinit_array  0x08002dc8        0x0
                0x08002dc8                        . = ALIGN (0x4)
                0x08002dc8                        PROVIDE (__preinit_array_start = .)
 *(.preinit_array*)
                0x08002dc8                        PROVIDE (__preinit_array_end = .)
                0x08002dc8                        . = ALIGN (0x4)

.init_array     0x08002dc8        0x8
                0x08002dc8                        . = ALIGN (0x4)
                0x08002dc8                        PROVIDE (__init_array_start = .)
 *(SORT_BY_NAME(.init_array.*))
 *(.init_array*)
 .init_array    0x08002dc8        0x4 C:/ST/STM32CubeIDE_1.19.0/STM32CubeIDE/plugins/com.st.stm32cube.ide.mcu.externaltools.gnu-tools-for-stm32.13.3.rel1.win32_1.0.0.202411081344/tools/bin/../lib/gcc/arm-none-eabi/13.3.1/thumb/v7e-m+fp/hard/crtbegin.o
 .init_array    0x08002dcc        0x4 ./Core/Src/main.o
                0x08002dd0                        PROVIDE (__init_array_end = .)
                0x08002dd0                        . = ALIGN (0x4)

.fini_array     0x08002dd0        0x4
                0x08002dd0                        . = ALIGN (0x4)
                [!provide]                        PROVIDE (__fini_array_start = .)
 *(SORT_BY_NAME(.fini_array.*))
 *(.fini_array*)
 .fini_array    0x08002dd0        0x4 C:/ST/STM32CubeIDE_1.19.0/STM32CubeIDE/plugins/com.st.stm32cube.ide.mcu.externaltools.gnu-tools-for-stm32.13.3.rel1.win32_1.0.0.202411081344/tools/bin/../lib/gcc/arm-none-eabi/13.3.1/thumb/v7e-m+fp/hard/crtbegin.o
                [!provide]                        PROVIDE (__fini_array_end = .)
                0x08002dd4                        . = ALIGN (0x4)
                0x08002dd4                        _sidata = LOADADDR (.data)

.rel.dyn        0x08002dd4        0x0
 .rel.iplt      0x08002dd4        0x0 C:/ST/STM32CubeIDE_1.19.0/STM32CubeIDE/plugins/com.st.stm32cube.ide.mcu.externaltools.gnu-tools-for-stm32.13.3.rel1.win32_1.0.0.202411081344/tools/bin/../lib/gcc/arm-none-eabi/13.3.1/thumb/v7e-m+fp/hard/crtbegin.o

.data           0x20000000        0xc load address 0x08002dd4
                0x20000000                        . = ALIGN (0x4)
                0x20000000                        _sdata = .
 *(.data)
 *(.data*)
 .data.SystemCoreClock
                0x20000000        0x4 ./Core/Src/system_stm32g4xx.o
                0x20000000                SystemCoreClock
 .data.uwTickPrio
                0x20000004        0x4 ./Drivers/STM32G4xx_HAL_Driver/Src/stm32g4xx_hal.o
                0x20000004                uwTickPrio
 .data.uwTickFreq
                0x20000008        0x4 ./Drivers/STM32G4xx_HAL_Driver/Src/stm32g4xx_hal.o
                0x20000008                uwTickFreq
 *(.RamFunc)
 *(.RamFunc*)
                0x2000000c                        . = ALIGN (0x4)
                0x2000000c                        _edata = .

.igot.plt       0x2000000c        0x0 load address 0x08002de0
 .igot.plt      0x2000000c        0x0 C:/ST/STM32CubeIDE_1.19.0/STM32CubeIDE/plugins/com.st.stm32cube.ide.mcu.externaltools.gnu-tools-for-stm32.13.3.rel1.win32_1.0.0.202411081344/tools/bin/../lib/gcc/arm-none-eabi/13.3.1/thumb/v7e-m+fp/hard/crtbegin.o
                0x2000000c                        . = ALIGN (0x4)

.bss            0x2000000c       0xb0 load address 0x08002de0
                0x2000000c                        _sbss = .
                0x2000000c                        __bss_start__ = _sbss
 *(.bss)
 .bss           0x2000000c       0x1c C:/ST/STM32CubeIDE_1.19.0/STM32CubeIDE/plugins/com.st.stm32cube.ide.mcu.externaltools.gnu-tools-for-stm32.13.3.rel1.win32_1.0.0.202411081344/tools/bin/../lib/gcc/arm-none-eabi/13.3.1/thumb/v7e-m+fp/hard/crtbegin.o
 *(.bss*)
 .bss.motor_speed
                0x20000028        0x4 ./Core/Src/main.o
                0x20000028                motor_speed
 .bss.count     0x2000002c        0x4 ./Core/Src/main.o
                0x2000002c                count
 .bss.t         0x20000030        0x4 ./Core/Src/main.o
                0x20000030                t
 .bss.v_in      0x20000034        0x4 ./Core/Src/main.o
                0x20000034                v_in
 .bss.motorModel
                0x20000038       0x34 ./Core/Src/main.o
                0x20000038                motorModel
 .bss.htim2     0x2000006c       0x4c ./Core/Src/tim.o
                0x2000006c                htim2
 .bss.uwTick    0x200000b8        0x4 ./Drivers/STM32G4xx_HAL_Driver/Src/stm32g4xx_hal.o
                0x200000b8                uwTick
 *(COMMON)
                0x200000bc                        . = ALIGN (0x4)
                0x200000bc                        _ebss = .
                0x200000bc                        __bss_end__ = _ebss

._user_heap_stack
                0x200000bc      0x604 load address 0x08002de0
                0x200000c0                        . = ALIGN (0x8)
 *fill*         0x200000bc        0x4 
                [!provide]                        PROVIDE (end = .)
                0x200000c0                        PROVIDE (_end = .)
                0x200002c0                        . = (. + _Min_Heap_Size)
 *fill*         0x200000c0      0x200 
                0x200006c0                        . = (. + _Min_Stack_Size)
 *fill*         0x200002c0      0x400 
                0x200006c0                        . = ALIGN (0x8)

/DISCARD/
 libc.a(*)
 libm.a(*)
 libgcc.a(*)

.ARM.attributes
                0x00000000       0x30
 *(.ARM.attributes)
 .ARM.attributes
                0x00000000       0x22 C:/ST/STM32CubeIDE_1.19.0/STM32CubeIDE/plugins/com.st.stm32cube.ide.mcu.externaltools.gnu-tools-for-stm32.13.3.rel1.win32_1.0.0.202411081344/tools/bin/../lib/gcc/arm-none-eabi/13.3.1/thumb/v7e-m+fp/hard/crti.o
 .ARM.attributes
                0x00000022       0x34 C:/ST/STM32CubeIDE_1.19.0/STM32CubeIDE/plugins/com.st.stm32cube.ide.mcu.externaltools.gnu-tools-for-stm32.13.3.rel1.win32_1.0.0.202411081344/tools/bin/../lib/gcc/arm-none-eabi/13.3.1/thumb/v7e-m+fp/hard/crtbegin.o
 .ARM.attributes
                0x00000056       0x34 ./Core/Src/DiscreteMotor.o
 .ARM.attributes
                0x0000008a       0x34 ./Core/Src/gpio.o
 .ARM.attributes
                0x000000be       0x34 ./Core/Src/main.o
 .ARM.attributes
                0x000000f2       0x34 ./Core/Src/stm32g4xx_hal_msp.o
 .ARM.attributes
                0x00000126       0x34 ./Core/Src/stm32g4xx_it.o
 .ARM.attributes
                0x0000015a       0x34 ./Core/Src/system_stm32g4xx.o
 .ARM.attributes
                0x0000018e       0x34 ./Core/Src/tim.o
 .ARM.attributes
                0x000001c2       0x21 ./Core/Startup/startup_stm32g474retx.o
 .ARM.attributes
                0x000001e3       0x34 ./Drivers/STM32G4xx_HAL_Driver/Src/stm32g4xx_hal.o
 .ARM.attributes
                0x00000217       0x34 ./Drivers/STM32G4xx_HAL_Driver/Src/stm32g4xx_hal_cortex.o
 .ARM.attributes
                0x0000024b       0x34 ./Drivers/STM32G4xx_HAL_Driver/Src/stm32g4xx_hal_gpio.o
 .ARM.attributes
                0x0000027f       0x34 ./Drivers/STM32G4xx_HAL_Driver/Src/stm32g4xx_hal_pwr_ex.o
 .ARM.attributes
                0x000002b3       0x34 ./Drivers/STM32G4xx_HAL_Driver/Src/stm32g4xx_hal_rcc.o
 .ARM.attributes
                0x000002e7       0x34 ./Drivers/STM32G4xx_HAL_Driver/Src/stm32g4xx_hal_tim.o
 .ARM.attributes
                0x0000031b       0x34 ./Drivers/STM32G4xx_HAL_Driver/Src/stm32g4xx_hal_tim_ex.o
 .ARM.attributes
                0x0000034f       0x34 C:/ST/STM32CubeIDE_1.19.0/STM32CubeIDE/plugins/com.st.stm32cube.ide.mcu.externaltools.gnu-tools-for-stm32.13.3.rel1.win32_1.0.0.202411081344/tools/bin/../lib/gcc/arm-none-eabi/13.3.1/../../../../arm-none-eabi/lib/thumb/v7e-m+fp/hard\libc_nano.a(libc_a-memset.o)
 .ARM.attributes
                0x00000383       0x34 C:/ST/STM32CubeIDE_1.19.0/STM32CubeIDE/plugins/com.st.stm32cube.ide.mcu.externaltools.gnu-tools-for-stm32.13.3.rel1.win32_1.0.0.202411081344/tools/bin/../lib/gcc/arm-none-eabi/13.3.1/../../../../arm-none-eabi/lib/thumb/v7e-m+fp/hard\libc_nano.a(libc_a-init.o)
 .ARM.attributes
                0x000003b7       0x22 C:/ST/STM32CubeIDE_1.19.0/STM32CubeIDE/plugins/com.st.stm32cube.ide.mcu.externaltools.gnu-tools-for-stm32.13.3.rel1.win32_1.0.0.202411081344/tools/bin/../lib/gcc/arm-none-eabi/13.3.1/thumb/v7e-m+fp/hard\libgcc.a(_arm_addsubdf3.o)
 .ARM.attributes
                0x000003d9       0x22 C:/ST/STM32CubeIDE_1.19.0/STM32CubeIDE/plugins/com.st.stm32cube.ide.mcu.externaltools.gnu-tools-for-stm32.13.3.rel1.win32_1.0.0.202411081344/tools/bin/../lib/gcc/arm-none-eabi/13.3.1/thumb/v7e-m+fp/hard\libgcc.a(_arm_cmpdf2.o)
 .ARM.attributes
                0x000003fb       0x22 C:/ST/STM32CubeIDE_1.19.0/STM32CubeIDE/plugins/com.st.stm32cube.ide.mcu.externaltools.gnu-tools-for-stm32.13.3.rel1.win32_1.0.0.202411081344/tools/bin/../lib/gcc/arm-none-eabi/13.3.1/thumb/v7e-m+fp/hard\libgcc.a(_arm_truncdfsf2.o)
 .ARM.attributes
                0x0000041d       0x22 C:/ST/STM32CubeIDE_1.19.0/STM32CubeIDE/plugins/com.st.stm32cube.ide.mcu.externaltools.gnu-tools-for-stm32.13.3.rel1.win32_1.0.0.202411081344/tools/bin/../lib/gcc/arm-none-eabi/13.3.1/thumb/v7e-m+fp/hard/crtn.o
OUTPUT(Hardware_in_loop.elf elf32-littlearm)
LOAD linker stubs
LOAD C:/ST/STM32CubeIDE_1.19.0/STM32CubeIDE/plugins/com.st.stm32cube.ide.mcu.externaltools.gnu-tools-for-stm32.13.3.rel1.win32_1.0.0.202411081344/tools/bin/../lib/gcc/arm-none-eabi/13.3.1/../../../../arm-none-eabi/lib/thumb/v7e-m+fp/hard\libc.a
LOAD C:/ST/STM32CubeIDE_1.19.0/STM32CubeIDE/plugins/com.st.stm32cube.ide.mcu.externaltools.gnu-tools-for-stm32.13.3.rel1.win32_1.0.0.202411081344/tools/bin/../lib/gcc/arm-none-eabi/13.3.1/../../../../arm-none-eabi/lib/thumb/v7e-m+fp/hard\libm.a
LOAD C:/ST/STM32CubeIDE_1.19.0/STM32CubeIDE/plugins/com.st.stm32cube.ide.mcu.externaltools.gnu-tools-for-stm32.13.3.rel1.win32_1.0.0.202411081344/tools/bin/../lib/gcc/arm-none-eabi/13.3.1/thumb/v7e-m+fp/hard\libgcc.a

.debug_info     0x00000000     0xdb13
 .debug_info    0x00000000      0x3f0 ./Core/Src/DiscreteMotor.o
 .debug_info    0x000003f0      0x77b ./Core/Src/gpio.o
 .debug_info    0x00000b6b     0x2f91 ./Core/Src/main.o
 .debug_info    0x00003afc      0x2da ./Core/Src/stm32g4xx_hal_msp.o
 .debug_info    0x00003dd6      0x8b3 ./Core/Src/stm32g4xx_it.o
 .debug_info    0x00004689      0x58e ./Core/Src/system_stm32g4xx.o
 .debug_info    0x00004c17      0xea8 ./Core/Src/tim.o
 .debug_info    0x00005abf       0x30 ./Core/Startup/startup_stm32g474retx.o
 .debug_info    0x00005aef      0xb95 ./Drivers/STM32G4xx_HAL_Driver/Src/stm32g4xx_hal.o
 .debug_info    0x00006684      0xdf9 ./Drivers/STM32G4xx_HAL_Driver/Src/stm32g4xx_hal_cortex.o
 .debug_info    0x0000747d      0x772 ./Drivers/STM32G4xx_HAL_Driver/Src/stm32g4xx_hal_gpio.o
 .debug_info    0x00007bef      0x944 ./Drivers/STM32G4xx_HAL_Driver/Src/stm32g4xx_hal_pwr_ex.o
 .debug_info    0x00008533      0xbf9 ./Drivers/STM32G4xx_HAL_Driver/Src/stm32g4xx_hal_rcc.o
 .debug_info    0x0000912c     0x2c52 ./Drivers/STM32G4xx_HAL_Driver/Src/stm32g4xx_hal_tim.o
 .debug_info    0x0000bd7e     0x1d95 ./Drivers/STM32G4xx_HAL_Driver/Src/stm32g4xx_hal_tim_ex.o

.debug_abbrev   0x00000000     0x2163
 .debug_abbrev  0x00000000      0x1a7 ./Core/Src/DiscreteMotor.o
 .debug_abbrev  0x000001a7      0x162 ./Core/Src/gpio.o
 .debug_abbrev  0x00000309      0x69b ./Core/Src/main.o
 .debug_abbrev  0x000009a4       0xd9 ./Core/Src/stm32g4xx_hal_msp.o
 .debug_abbrev  0x00000a7d      0x1c2 ./Core/Src/stm32g4xx_it.o
 .debug_abbrev  0x00000c3f      0x11a ./Core/Src/system_stm32g4xx.o
 .debug_abbrev  0x00000d59      0x226 ./Core/Src/tim.o
 .debug_abbrev  0x00000f7f       0x24 ./Core/Startup/startup_stm32g474retx.o
 .debug_abbrev  0x00000fa3      0x271 ./Drivers/STM32G4xx_HAL_Driver/Src/stm32g4xx_hal.o
 .debug_abbrev  0x00001214      0x31c ./Drivers/STM32G4xx_HAL_Driver/Src/stm32g4xx_hal_cortex.o
 .debug_abbrev  0x00001530      0x1d2 ./Drivers/STM32G4xx_HAL_Driver/Src/stm32g4xx_hal_gpio.o
 .debug_abbrev  0x00001702      0x22c ./Drivers/STM32G4xx_HAL_Driver/Src/stm32g4xx_hal_pwr_ex.o
 .debug_abbrev  0x0000192e      0x2c9 ./Drivers/STM32G4xx_HAL_Driver/Src/stm32g4xx_hal_rcc.o
 .debug_abbrev  0x00001bf7      0x2a7 ./Drivers/STM32G4xx_HAL_Driver/Src/stm32g4xx_hal_tim.o
 .debug_abbrev  0x00001e9e      0x2c5 ./Drivers/STM32G4xx_HAL_Driver/Src/stm32g4xx_hal_tim_ex.o

.debug_aranges  0x00000000      0xca8
 .debug_aranges
                0x00000000       0x40 ./Core/Src/DiscreteMotor.o
 .debug_aranges
                0x00000040       0x20 ./Core/Src/gpio.o
 .debug_aranges
                0x00000060       0x78 ./Core/Src/main.o
 .debug_aranges
                0x000000d8       0x20 ./Core/Src/stm32g4xx_hal_msp.o
 .debug_aranges
                0x000000f8       0x70 ./Core/Src/stm32g4xx_it.o
 .debug_aranges
                0x00000168       0x28 ./Core/Src/system_stm32g4xx.o
 .debug_aranges
                0x00000190       0x30 ./Core/Src/tim.o
 .debug_aranges
                0x000001c0       0x28 ./Core/Startup/startup_stm32g474retx.o
 .debug_aranges
                0x000001e8      0x148 ./Drivers/STM32G4xx_HAL_Driver/Src/stm32g4xx_hal.o
 .debug_aranges
                0x00000330      0x128 ./Drivers/STM32G4xx_HAL_Driver/Src/stm32g4xx_hal_cortex.o
 .debug_aranges
                0x00000458       0x58 ./Drivers/STM32G4xx_HAL_Driver/Src/stm32g4xx_hal_gpio.o
 .debug_aranges
                0x000004b0      0x140 ./Drivers/STM32G4xx_HAL_Driver/Src/stm32g4xx_hal_pwr_ex.o
 .debug_aranges
                0x000005f0       0x98 ./Drivers/STM32G4xx_HAL_Driver/Src/stm32g4xx_hal_rcc.o
 .debug_aranges
                0x00000688      0x3e0 ./Drivers/STM32G4xx_HAL_Driver/Src/stm32g4xx_hal_tim.o
 .debug_aranges
                0x00000a68      0x240 ./Drivers/STM32G4xx_HAL_Driver/Src/stm32g4xx_hal_tim_ex.o

.debug_rnglists
                0x00000000      0x9b7
 .debug_rnglists
                0x00000000       0x2d ./Core/Src/DiscreteMotor.o
 .debug_rnglists
                0x0000002d       0x14 ./Core/Src/gpio.o
 .debug_rnglists
                0x00000041       0x59 ./Core/Src/main.o
 .debug_rnglists
                0x0000009a       0x13 ./Core/Src/stm32g4xx_hal_msp.o
 .debug_rnglists
                0x000000ad       0x4f ./Core/Src/stm32g4xx_it.o
 .debug_rnglists
                0x000000fc       0x1a ./Core/Src/system_stm32g4xx.o
 .debug_rnglists
                0x00000116       0x20 ./Core/Src/tim.o
 .debug_rnglists
                0x00000136       0x19 ./Core/Startup/startup_stm32g474retx.o
 .debug_rnglists
                0x0000014f       0xf1 ./Drivers/STM32G4xx_HAL_Driver/Src/stm32g4xx_hal.o
 .debug_rnglists
                0x00000240       0xda ./Drivers/STM32G4xx_HAL_Driver/Src/stm32g4xx_hal_cortex.o
 .debug_rnglists
                0x0000031a       0x3f ./Drivers/STM32G4xx_HAL_Driver/Src/stm32g4xx_hal_gpio.o
 .debug_rnglists
                0x00000359       0xf1 ./Drivers/STM32G4xx_HAL_Driver/Src/stm32g4xx_hal_pwr_ex.o
 .debug_rnglists
                0x0000044a       0x74 ./Drivers/STM32G4xx_HAL_Driver/Src/stm32g4xx_hal_rcc.o
 .debug_rnglists
                0x000004be      0x32d ./Drivers/STM32G4xx_HAL_Driver/Src/stm32g4xx_hal_tim.o
 .debug_rnglists
                0x000007eb      0x1cc ./Drivers/STM32G4xx_HAL_Driver/Src/stm32g4xx_hal_tim_ex.o

.debug_macro    0x00000000    0x291cd
 .debug_macro   0x00000000       0x1b ./Core/Src/DiscreteMotor.o
 .debug_macro   0x0000001b      0xbb0 ./Core/Src/DiscreteMotor.o
 .debug_macro   0x00000bcb      0x1d3 ./Core/Src/gpio.o
 .debug_macro   0x00000d9e      0xad8 ./Core/Src/gpio.o
 .debug_macro   0x00001876      0x155 ./Core/Src/gpio.o
 .debug_macro   0x000019cb       0x2e ./Core/Src/gpio.o
 .debug_macro   0x000019f9       0x28 ./Core/Src/gpio.o
 .debug_macro   0x00001a21       0x22 ./Core/Src/gpio.o
 .debug_macro   0x00001a43       0x8e ./Core/Src/gpio.o
 .debug_macro   0x00001ad1       0x51 ./Core/Src/gpio.o
 .debug_macro   0x00001b22      0x103 ./Core/Src/gpio.o
 .debug_macro   0x00001c25       0x6a ./Core/Src/gpio.o
 .debug_macro   0x00001c8f      0x1df ./Core/Src/gpio.o
 .debug_macro   0x00001e6e       0x1c ./Core/Src/gpio.o
 .debug_macro   0x00001e8a       0x22 ./Core/Src/gpio.o
 .debug_macro   0x00001eac       0xfb ./Core/Src/gpio.o
 .debug_macro   0x00001fa7     0x1011 ./Core/Src/gpio.o
 .debug_macro   0x00002fb8      0x11f ./Core/Src/gpio.o
 .debug_macro   0x000030d7    0x18b8c ./Core/Src/gpio.o
 .debug_macro   0x0001bc63       0x6d ./Core/Src/gpio.o
 .debug_macro   0x0001bcd0     0x3558 ./Core/Src/gpio.o
 .debug_macro   0x0001f228      0x190 ./Core/Src/gpio.o
 .debug_macro   0x0001f3b8       0x5c ./Core/Src/gpio.o
 .debug_macro   0x0001f414     0x171f ./Core/Src/gpio.o
 .debug_macro   0x00020b33      0x600 ./Core/Src/gpio.o
 .debug_macro   0x00021133      0x1b6 ./Core/Src/gpio.o
 .debug_macro   0x000212e9      0x34a ./Core/Src/gpio.o
 .debug_macro   0x00021633      0x53c ./Core/Src/gpio.o
 .debug_macro   0x00021b6f      0x18b ./Core/Src/gpio.o
 .debug_macro   0x00021cfa       0x43 ./Core/Src/gpio.o
 .debug_macro   0x00021d3d      0x23d ./Core/Src/gpio.o
 .debug_macro   0x00021f7a      0x211 ./Core/Src/gpio.o
 .debug_macro   0x0002218b      0x45c ./Core/Src/gpio.o
 .debug_macro   0x000225e7      0x11c ./Core/Src/gpio.o
 .debug_macro   0x00022703      0x122 ./Core/Src/gpio.o
 .debug_macro   0x00022825      0x3d1 ./Core/Src/gpio.o
 .debug_macro   0x00022bf6      0xc0b ./Core/Src/gpio.o
 .debug_macro   0x00023801      0x718 ./Core/Src/gpio.o
 .debug_macro   0x00023f19      0x358 ./Core/Src/gpio.o
 .debug_macro   0x00024271       0x8e ./Core/Src/gpio.o
 .debug_macro   0x000242ff      0x7cc ./Core/Src/main.o
 .debug_macro   0x00024acb       0x1c ./Core/Src/main.o
 .debug_macro   0x00024ae7     0x1011 ./Core/Src/main.o
 .debug_macro   0x00025af8      0x197 ./Core/Src/main.o
 .debug_macro   0x00025c8f      0x1f2 ./Core/Src/main.o
 .debug_macro   0x00025e81       0x10 ./Core/Src/main.o
 .debug_macro   0x00025e91      0x409 ./Core/Src/main.o
 .debug_macro   0x0002629a       0x18 ./Core/Src/main.o
 .debug_macro   0x000262b2       0x61 ./Core/Src/main.o
 .debug_macro   0x00026313       0x2a ./Core/Src/main.o
 .debug_macro   0x0002633d       0x43 ./Core/Src/main.o
 .debug_macro   0x00026380       0x34 ./Core/Src/main.o
 .debug_macro   0x000263b4      0x38c ./Core/Src/main.o
 .debug_macro   0x00026740       0x16 ./Core/Src/main.o
 .debug_macro   0x00026756       0x4a ./Core/Src/main.o
 .debug_macro   0x000267a0       0x34 ./Core/Src/main.o
 .debug_macro   0x000267d4       0x10 ./Core/Src/main.o
 .debug_macro   0x000267e4       0x58 ./Core/Src/main.o
 .debug_macro   0x0002683c       0x8e ./Core/Src/main.o
 .debug_macro   0x000268ca       0x16 ./Core/Src/main.o
 .debug_macro   0x000268e0      0x185 ./Core/Src/main.o
 .debug_macro   0x00026a65      0x194 ./Core/Src/main.o
 .debug_macro   0x00026bf9       0x10 ./Core/Src/main.o
 .debug_macro   0x00026c09       0x16 ./Core/Src/main.o
 .debug_macro   0x00026c1f       0x3c ./Core/Src/main.o
 .debug_macro   0x00026c5b       0x16 ./Core/Src/main.o
 .debug_macro   0x00026c71       0x29 ./Core/Src/main.o
 .debug_macro   0x00026c9a       0x10 ./Core/Src/main.o
 .debug_macro   0x00026caa      0x3c7 ./Core/Src/main.o
 .debug_macro   0x00027071       0x22 ./Core/Src/main.o
 .debug_macro   0x00027093       0x43 ./Core/Src/main.o
 .debug_macro   0x000270d6       0x10 ./Core/Src/main.o
 .debug_macro   0x000270e6       0x10 ./Core/Src/main.o
 .debug_macro   0x000270f6       0x33 ./Core/Src/main.o
 .debug_macro   0x00027129      0x173 ./Core/Src/main.o
 .debug_macro   0x0002729c       0x1c ./Core/Src/main.o
 .debug_macro   0x000272b8       0x10 ./Core/Src/main.o
 .debug_macro   0x000272c8       0x41 ./Core/Src/main.o
 .debug_macro   0x00027309       0x19 ./Core/Src/main.o
 .debug_macro   0x00027322       0x11 ./Core/Src/main.o
 .debug_macro   0x00027333       0x10 ./Core/Src/main.o
 .debug_macro   0x00027343       0x5e ./Core/Src/main.o
 .debug_macro   0x000273a1       0x16 ./Core/Src/main.o
 .debug_macro   0x000273b7       0x52 ./Core/Src/main.o
 .debug_macro   0x00027409       0x5e ./Core/Src/main.o
 .debug_macro   0x00027467       0x11 ./Core/Src/main.o
 .debug_macro   0x00027478       0x2f ./Core/Src/main.o
 .debug_macro   0x000274a7       0x16 ./Core/Src/main.o
 .debug_macro   0x000274bd       0x2c ./Core/Src/main.o
 .debug_macro   0x000274e9       0x11 ./Core/Src/main.o
 .debug_macro   0x000274fa       0x28 ./Core/Src/main.o
 .debug_macro   0x00027522       0x2e ./Core/Src/main.o
 .debug_macro   0x00027550       0x19 ./Core/Src/main.o
 .debug_macro   0x00027569       0x11 ./Core/Src/main.o
 .debug_macro   0x0002757a       0x4f ./Core/Src/main.o
 .debug_macro   0x000275c9       0x18 ./Core/Src/main.o
 .debug_macro   0x000275e1       0x27 ./Core/Src/main.o
 .debug_macro   0x00027608       0x88 ./Core/Src/main.o
 .debug_macro   0x00027690       0x19 ./Core/Src/main.o
 .debug_macro   0x000276a9       0x1c ./Core/Src/main.o
 .debug_macro   0x000276c5       0xf0 ./Core/Src/main.o
 .debug_macro   0x000277b5       0x1c ./Core/Src/main.o
 .debug_macro   0x000277d1       0x10 ./Core/Src/main.o
 .debug_macro   0x000277e1       0x16 ./Core/Src/main.o
 .debug_macro   0x000277f7      0x131 ./Core/Src/main.o
 .debug_macro   0x00027928      0x11d ./Core/Src/main.o
 .debug_macro   0x00027a45       0x10 ./Core/Src/main.o
 .debug_macro   0x00027a55      0x242 ./Core/Src/main.o
 .debug_macro   0x00027c97       0x17 ./Core/Src/main.o
 .debug_macro   0x00027cae       0x19 ./Core/Src/main.o
 .debug_macro   0x00027cc7       0x18 ./Core/Src/main.o
 .debug_macro   0x00027cdf       0x17 ./Core/Src/main.o
 .debug_macro   0x00027cf6       0x17 ./Core/Src/main.o
 .debug_macro   0x00027d0d       0x10 ./Core/Src/main.o
 .debug_macro   0x00027d1d       0x10 ./Core/Src/main.o
 .debug_macro   0x00027d2d       0x76 ./Core/Src/main.o
 .debug_macro   0x00027da3       0x1c ./Core/Src/main.o
 .debug_macro   0x00027dbf      0x1c9 ./Core/Src/stm32g4xx_hal_msp.o
 .debug_macro   0x00027f88      0x1d3 ./Core/Src/stm32g4xx_it.o
 .debug_macro   0x0002815b      0x1ba ./Core/Src/system_stm32g4xx.o
 .debug_macro   0x00028315      0x1d3 ./Core/Src/tim.o
 .debug_macro   0x000284e8      0x208 ./Drivers/STM32G4xx_HAL_Driver/Src/stm32g4xx_hal.o
 .debug_macro   0x000286f0      0x1ba ./Drivers/STM32G4xx_HAL_Driver/Src/stm32g4xx_hal_cortex.o
 .debug_macro   0x000288aa      0x1c1 ./Drivers/STM32G4xx_HAL_Driver/Src/stm32g4xx_hal_gpio.o
 .debug_macro   0x00028a6b      0x1e4 ./Drivers/STM32G4xx_HAL_Driver/Src/stm32g4xx_hal_pwr_ex.o
 .debug_macro   0x00028c4f      0x1fc ./Drivers/STM32G4xx_HAL_Driver/Src/stm32g4xx_hal_rcc.o
 .debug_macro   0x00028e4b      0x1c2 ./Drivers/STM32G4xx_HAL_Driver/Src/stm32g4xx_hal_tim.o
 .debug_macro   0x0002900d      0x1c0 ./Drivers/STM32G4xx_HAL_Driver/Src/stm32g4xx_hal_tim_ex.o

.debug_line     0x00000000     0xe1ef
 .debug_line    0x00000000      0x24b ./Core/Src/DiscreteMotor.o
 .debug_line    0x0000024b      0x75a ./Core/Src/gpio.o
 .debug_line    0x000009a5     0x17f8 ./Core/Src/main.o
 .debug_line    0x0000219d      0x72f ./Core/Src/stm32g4xx_hal_msp.o
 .debug_line    0x000028cc      0x80d ./Core/Src/stm32g4xx_it.o
 .debug_line    0x000030d9      0x79b ./Core/Src/system_stm32g4xx.o
 .debug_line    0x00003874      0x7a8 ./Core/Src/tim.o
 .debug_line    0x0000401c       0x7b ./Core/Startup/startup_stm32g474retx.o
 .debug_line    0x00004097      0xb67 ./Drivers/STM32G4xx_HAL_Driver/Src/stm32g4xx_hal.o
 .debug_line    0x00004bfe      0xccc ./Drivers/STM32G4xx_HAL_Driver/Src/stm32g4xx_hal_cortex.o
 .debug_line    0x000058ca      0xb53 ./Drivers/STM32G4xx_HAL_Driver/Src/stm32g4xx_hal_gpio.o
 .debug_line    0x0000641d      0xcc6 ./Drivers/STM32G4xx_HAL_Driver/Src/stm32g4xx_hal_pwr_ex.o
 .debug_line    0x000070e3      0xfea ./Drivers/STM32G4xx_HAL_Driver/Src/stm32g4xx_hal_rcc.o
 .debug_line    0x000080cd     0x40b4 ./Drivers/STM32G4xx_HAL_Driver/Src/stm32g4xx_hal_tim.o
 .debug_line    0x0000c181     0x206e ./Drivers/STM32G4xx_HAL_Driver/Src/stm32g4xx_hal_tim_ex.o

.debug_str      0x00000000    0xfb423
 .debug_str     0x00000000    0xfb423 ./Core/Src/DiscreteMotor.o
                               0x3466 (size before relaxing)
 .debug_str     0x000fb423    0xee13e ./Core/Src/gpio.o
 .debug_str     0x000fb423    0xf8160 ./Core/Src/main.o
 .debug_str     0x000fb423    0xeda28 ./Core/Src/stm32g4xx_hal_msp.o
 .debug_str     0x000fb423    0xedfc4 ./Core/Src/stm32g4xx_it.o
 .debug_str     0x000fb423    0xed877 ./Core/Src/system_stm32g4xx.o
 .debug_str     0x000fb423    0xee80e ./Core/Src/tim.o
 .debug_str     0x000fb423       0xb4 ./Core/Startup/startup_stm32g474retx.o
 .debug_str     0x000fb423    0xee589 ./Drivers/STM32G4xx_HAL_Driver/Src/stm32g4xx_hal.o
 .debug_str     0x000fb423    0xee245 ./Drivers/STM32G4xx_HAL_Driver/Src/stm32g4xx_hal_cortex.o
 .debug_str     0x000fb423    0xeda02 ./Drivers/STM32G4xx_HAL_Driver/Src/stm32g4xx_hal_gpio.o
 .debug_str     0x000fb423    0xedd65 ./Drivers/STM32G4xx_HAL_Driver/Src/stm32g4xx_hal_pwr_ex.o
 .debug_str     0x000fb423    0xedf96 ./Drivers/STM32G4xx_HAL_Driver/Src/stm32g4xx_hal_rcc.o
 .debug_str     0x000fb423    0xeed75 ./Drivers/STM32G4xx_HAL_Driver/Src/stm32g4xx_hal_tim.o
 .debug_str     0x000fb423    0xee9e9 ./Drivers/STM32G4xx_HAL_Driver/Src/stm32g4xx_hal_tim_ex.o

.comment        0x00000000       0x43
 .comment       0x00000000       0x43 ./Core/Src/DiscreteMotor.o
                                 0x44 (size before relaxing)
 .comment       0x00000043       0x44 ./Core/Src/gpio.o
 .comment       0x00000043       0x44 ./Core/Src/main.o
 .comment       0x00000043       0x44 ./Core/Src/stm32g4xx_hal_msp.o
 .comment       0x00000043       0x44 ./Core/Src/stm32g4xx_it.o
 .comment       0x00000043       0x44 ./Core/Src/system_stm32g4xx.o
 .comment       0x00000043       0x44 ./Core/Src/tim.o
 .comment       0x00000043       0x44 ./Drivers/STM32G4xx_HAL_Driver/Src/stm32g4xx_hal.o
 .comment       0x00000043       0x44 ./Drivers/STM32G4xx_HAL_Driver/Src/stm32g4xx_hal_cortex.o
 .comment       0x00000043       0x44 ./Drivers/STM32G4xx_HAL_Driver/Src/stm32g4xx_hal_gpio.o
 .comment       0x00000043       0x44 ./Drivers/STM32G4xx_HAL_Driver/Src/stm32g4xx_hal_pwr_ex.o
 .comment       0x00000043       0x44 ./Drivers/STM32G4xx_HAL_Driver/Src/stm32g4xx_hal_rcc.o
 .comment       0x00000043       0x44 ./Drivers/STM32G4xx_HAL_Driver/Src/stm32g4xx_hal_tim.o
 .comment       0x00000043       0x44 ./Drivers/STM32G4xx_HAL_Driver/Src/stm32g4xx_hal_tim_ex.o

.debug_frame    0x00000000     0x35d8
 .debug_frame   0x00000000       0xd8 ./Core/Src/DiscreteMotor.o
 .debug_frame   0x000000d8       0x34 ./Core/Src/gpio.o
 .debug_frame   0x0000010c      0x1ac ./Core/Src/main.o
 .debug_frame   0x000002b8       0x34 ./Core/Src/stm32g4xx_hal_msp.o
 .debug_frame   0x000002ec      0x13c ./Core/Src/stm32g4xx_it.o
 .debug_frame   0x00000428       0x58 ./Core/Src/system_stm32g4xx.o
 .debug_frame   0x00000480       0x7c ./Core/Src/tim.o
 .debug_frame   0x000004fc      0x500 ./Drivers/STM32G4xx_HAL_Driver/Src/stm32g4xx_hal.o
 .debug_frame   0x000009fc      0x4e8 ./Drivers/STM32G4xx_HAL_Driver/Src/stm32g4xx_hal_cortex.o
 .debug_frame   0x00000ee4      0x14c ./Drivers/STM32G4xx_HAL_Driver/Src/stm32g4xx_hal_gpio.o
 .debug_frame   0x00001030      0x4fc ./Drivers/STM32G4xx_HAL_Driver/Src/stm32g4xx_hal_pwr_ex.o
 .debug_frame   0x0000152c      0x23c ./Drivers/STM32G4xx_HAL_Driver/Src/stm32g4xx_hal_rcc.o
 .debug_frame   0x00001768     0x1220 ./Drivers/STM32G4xx_HAL_Driver/Src/stm32g4xx_hal_tim.o
 .debug_frame   0x00002988      0xa70 ./Drivers/STM32G4xx_HAL_Driver/Src/stm32g4xx_hal_tim_ex.o
 .debug_frame   0x000033f8       0x20 C:/ST/STM32CubeIDE_1.19.0/STM32CubeIDE/plugins/com.st.stm32cube.ide.mcu.externaltools.gnu-tools-for-stm32.13.3.rel1.win32_1.0.0.202411081344/tools/bin/../lib/gcc/arm-none-eabi/13.3.1/../../../../arm-none-eabi/lib/thumb/v7e-m+fp/hard\libc_nano.a(libc_a-memset.o)
 .debug_frame   0x00003418       0x2c C:/ST/STM32CubeIDE_1.19.0/STM32CubeIDE/plugins/com.st.stm32cube.ide.mcu.externaltools.gnu-tools-for-stm32.13.3.rel1.win32_1.0.0.202411081344/tools/bin/../lib/gcc/arm-none-eabi/13.3.1/../../../../arm-none-eabi/lib/thumb/v7e-m+fp/hard\libc_nano.a(libc_a-init.o)
 .debug_frame   0x00003444       0xac C:/ST/STM32CubeIDE_1.19.0/STM32CubeIDE/plugins/com.st.stm32cube.ide.mcu.externaltools.gnu-tools-for-stm32.13.3.rel1.win32_1.0.0.202411081344/tools/bin/../lib/gcc/arm-none-eabi/13.3.1/thumb/v7e-m+fp/hard\libgcc.a(_arm_addsubdf3.o)
 .debug_frame   0x000034f0       0xc4 C:/ST/STM32CubeIDE_1.19.0/STM32CubeIDE/plugins/com.st.stm32cube.ide.mcu.externaltools.gnu-tools-for-stm32.13.3.rel1.win32_1.0.0.202411081344/tools/bin/../lib/gcc/arm-none-eabi/13.3.1/thumb/v7e-m+fp/hard\libgcc.a(_arm_cmpdf2.o)
 .debug_frame   0x000035b4       0x24 C:/ST/STM32CubeIDE_1.19.0/STM32CubeIDE/plugins/com.st.stm32cube.ide.mcu.externaltools.gnu-tools-for-stm32.13.3.rel1.win32_1.0.0.202411081344/tools/bin/../lib/gcc/arm-none-eabi/13.3.1/thumb/v7e-m+fp/hard\libgcc.a(_arm_truncdfsf2.o)

.debug_line_str
                0x00000000       0x98
 .debug_line_str
                0x00000000       0x98 ./Core/Startup/startup_stm32g474retx.o
